2025-06-19 19:15:00 | WARN | repo=a4m36jee-2014-web-seminar | action=commit
2025-05-05 11:50:00 | WARN | repo=a4m36jee-2014-web-seminar | action=commit
2025-07-02 20:29:00 | DEBUG | repo=a4m36jee-2014-web-seminar | action=edit | files=4
2025-06-11 19:22:00 | INFO | repo=a4m36jee-2014-web-seminar | action=commit
2025-12-08 13:51:00 | WARN | repo=a4m36jee-2014-web-seminar | action=commit
2025-01-11 08:45:00 | INFO | repo=a4m36jee-2014-web-seminar | action=commit
2025-10-07 08:55:00 | WARN | repo=a4m36jee-2014-web-seminar | action=commit
2025-12-05 11:17:00 | WARN | repo=a4m36jee-2014-web-seminar | action=test | passed=true
2025-08-11 13:09:00 | DEBUG | repo=a4m36jee-2014-web-seminar | action=commit
2025-04-26 21:48:00 | WARN | repo=a4m36jee-2014-web-seminar | action=commit
2025-10-04 21:48:00 | INFO | repo=a4m36jee-2014-web-seminar | action=commit
2025-08-11 15:18:00 | WARN | repo=a4m36jee-2014-web-seminar | action=commit
2025-08-24 09:07:00 | INFO | repo=a4m36jee-2014-web-seminar | action=commit
2025-07-03 10:08:00 | DEBUG | repo=a4m36jee-2014-web-seminar | action=commit
2025-02-11 14:52:00 | INFO | repo=a4m36jee-2014-web-seminar | action=edit | files=3
2025-10-06 15:52:00 | WARN | repo=a4m36jee-2014-web-seminar | action=test | passed=true
2025-04-04 18:12:00 | DEBUG | repo=a4m36jee-2014-web-seminar | action=pull
2025-06-04 18:06:00 | WARN | repo=a4m36jee-2014-web-seminar | action=commit
2025-04-18 17:38:00 | INFO | repo=a4m36jee-2014-web-seminar | action=commit
2025-02-03 11:37:00 | DEBUG | repo=a4m36jee-2014-web-seminar | action=edit | files=2
2025-09-07 20:29:00 | WARN | repo=a4m36jee-2014-web-seminar | action=test | passed=true
2025-01-07 18:37:00 | WARN | repo=a4m36jee-2014-web-seminar | action=commit
2025-11-09 07:53:00 | WARN | repo=a4m36jee-2014-web-seminar | action=test | passed=true
2025-02-18 16:14:00 | DEBUG | repo=a4m36jee-2014-web-seminar | action=commit
2025-01-10 19:12:00 | WARN | repo=a4m36jee-2014-web-seminar | action=test | passed=true
2025-11-14 09:51:00 | WARN | repo=a4m36jee-2014-web-seminar | action=pull
2025-12-26 21:32:00 | DEBUG | repo=a4m36jee-2014-web-seminar | action=commit
2025-04-18 08:07:00 | WARN | repo=a4m36jee-2014-web-seminar | action=pull
2025-07-05 07:41:00 | DEBUG | repo=a4m36jee-2014-web-seminar | action=commit
2025-07-09 07:43:00 | WARN | repo=a4m36jee-2014-web-seminar | action=pull
2025-10-14 18:10:00 | DEBUG | repo=a4m36jee-2014-web-seminar | action=test | passed=true
2025-01-06 15:49:00 | INFO | repo=a4m36jee-2014-web-seminar | action=commit
2025-11-28 15:51:00 | DEBUG | repo=a4m36jee-2014-web-seminar | action=commit
2025-01-08 12:04:00 | DEBUG | repo=a4m36jee-2014-web-seminar | action=pull
2025-07-12 10:58:00 | WARN | repo=a4m36jee-2014-web-seminar | action=pull
2025-05-19 11:40:00 | DEBUG | repo=a4m36jee-2014-web-seminar | action=pull
2025-08-23 17:30:00 | DEBUG | repo=a4m36jee-2014-web-seminar | action=test | passed=true
2025-09-07 16:25:00 | DEBUG | repo=a4m36jee-2014-web-seminar | action=commit
2025-01-09 16:02:00 | INFO | repo=a4m36jee-2014-web-seminar | action=pull
2025-06-07 09:31:00 | INFO | repo=a4m36jee-2014-web-seminar | action=commit
2025-06-13 15:42:00 | WARN | repo=a4m36jee-2014-web-seminar | action=test | passed=true
2025-09-23 19:55:00 | DEBUG | repo=a4m36jee-2014-web-seminar | action=test | passed=true
2025-04-19 11:43:00 | INFO | repo=a4m36jee-2014-web-seminar | action=commit
2025-04-24 08:16:00 | WARN | repo=a4m36jee-2014-web-seminar | action=pull
2025-06-19 09:54:00 | INFO | repo=a4m36jee-2014-web-seminar | action=commit
2025-10-25 17:33:00 | INFO | repo=a4m36jee-2014-web-seminar | action=commit
2025-03-03 10:21:00 | INFO | repo=a4m36jee-2014-web-seminar | action=commit
2025-09-08 09:12:00 | WARN | repo=a4m36jee-2014-web-seminar | action=test | passed=true
2025-06-13 21:40:00 | WARN | repo=a4m36jee-2014-web-seminar | action=commit
2025-12-04 12:56:00 | DEBUG | repo=a4m36jee-2014-web-seminar | action=commit
2025-09-12 20:01:00 | INFO | repo=a4m36jee-2014-web-seminar | action=commit
2025-10-07 13:35:00 | DEBUG | repo=a4m36jee-2014-web-seminar | action=edit | files=5
2025-04-24 10:20:00 | DEBUG | repo=a4m36jee-2014-web-seminar | action=test | passed=true
2025-10-28 13:16:00 | DEBUG | repo=a4m36jee-2014-web-seminar | action=test | passed=true
2025-11-06 08:16:00 | DEBUG | repo=a4m36jee-2014-web-seminar | action=commit
2025-01-11 08:59:00 | INFO | repo=a4m36jee-2014-web-seminar | action=pull
2025-12-23 18:50:00 | WARN | repo=a4m36jee-2014-web-seminar | action=commit
2025-06-27 14:21:00 | DEBUG | repo=a4m36jee-2014-web-seminar | action=edit | files=2
2025-09-02 20:53:00 | DEBUG | repo=a4m36jee-2014-web-seminar | action=test | passed=true
2025-09-18 09:44:00 | INFO | repo=a4m36jee-2014-web-seminar | action=commit
2025-07-28 18:43:00 | INFO | repo=a4m36jee-2014-web-seminar | action=commit
2025-09-02 07:33:00 | INFO | repo=a4m36jee-2014-web-seminar | action=commit
2025-02-27 15:21:00 | INFO | repo=a4m36jee-2014-web-seminar | action=commit
2025-02-21 18:28:00 | WARN | repo=a4m36jee-2014-web-seminar | action=pull
2025-02-14 10:20:00 | DEBUG | repo=a4m36jee-2014-web-seminar | action=edit | files=3
2025-12-05 13:21:00 | DEBUG | repo=a4m36jee-2014-web-seminar | action=test | passed=true
2025-12-01 19:39:00 | WARN | repo=a4m36jee-2014-web-seminar | action=commit
